2025-12-23T09:18:49.975Z INFO Is remote: false
2025-12-23T09:18:49.975Z INFO Starting Local. Installation path: c:\Users\1\Desktop\wuneo\vercel-main (1)\vercel-main\packages\static-build\test
2025-12-23T09:18:49.976Z INFO [MainProvider] Creating new MainProvider instance...
2025-12-23T09:18:49.977Z INFO [TabsManager] Code view listener set up at initialization
2025-12-23T09:18:49.977Z INFO Installation path exists: c:\Users\1\Desktop\wuneo\vercel-main (1)\vercel-main\packages\static-build\test
2025-12-23T09:18:49.978Z INFO Initializing database with URL: file:c:\Users\1\Desktop\wuneo\vercel-main (1)\vercel-main\packages\static-build\test\pythagora-core\data\database\pythagora.db
2025-12-23T09:18:49.979Z INFO Is remote: false
2025-12-23T09:18:49.979Z INFO Starting Local. Installation path: c:\Users\1\Desktop\wuneo\vercel-main (1)\vercel-main\packages\static-build\test
2025-12-23T09:18:49.979Z INFO [MainProvider] Creating new MainProvider instance...
2025-12-23T09:18:49.980Z INFO Database file exists, skipping prisma generate/push for faster startup
2025-12-23T09:18:49.980Z INFO [TabsManager] Code view listener set up at initialization
2025-12-23T09:18:49.980Z INFO Database initialized successfully
2025-12-23T09:18:49.981Z INFO Installation path exists: c:\Users\1\Desktop\wuneo\vercel-main (1)\vercel-main\packages\static-build\test
2025-12-23T09:18:49.981Z INFO [Migration] Checking for database migration...
2025-12-23T09:18:49.981Z INFO Initializing database with URL: file:c:\Users\1\Desktop\wuneo\vercel-main (1)\vercel-main\packages\static-build\test\pythagora-core\data\database\pythagora.db
2025-12-23T09:18:49.983Z INFO Database file exists, skipping prisma generate/push for faster startup
2025-12-23T09:18:49.983Z INFO Database initialized successfully
2025-12-23T09:18:49.984Z INFO [Migration] Checking for database migration...
2025-12-23T09:18:50.653Z INFO [Migration] No migration needed
2025-12-23T09:18:50.657Z INFO [Migration] No migration needed
2025-12-23T09:21:01.682Z INFO Closing entire Pythagora extension...
2025-12-23T09:21:01.686Z ERROR Error closing extension
Error: Canceled
Stack: Canceled: Canceled
	at new wU (file:///d:/360Downloads/Microsoft%20VS%20Code/resources/app/out/vs/workbench/api/node/extensionHostProcess.js:29:120470)
	at l5.U (file:///d:/360Downloads/Microsoft%20VS%20Code/resources/app/out/vs/workbench/api/node/extensionHostProcess.js:29:125080)
	at s.<computed>.n.charCodeAt.s.<computed> (file:///d:/360Downloads/Microsoft%20VS%20Code/resources/app/out/vs/workbench/api/node/extensionHostProcess.js:29:122574)
	at cA.g (file:///d:/360Downloads/Microsoft%20VS%20Code/resources/app/out/vs/workbench/api/node/extensionHostProcess.js:116:41228)
	at cA.executeCommand (file:///d:/360Downloads/Microsoft%20VS%20Code/resources/app/out/vs/workbench/api/node/extensionHostProcess.js:116:40732)
	at Object.executeCommand (file:///d:/360Downloads/Microsoft%20VS%20Code/resources/app/out/vs/workbench/api/node/extensionHostProcess.js:212:102269)
	at closeEntirePythagoraExtension (c:\Users\1\.vscode\extensions\pythagoratechnologies.pythagora-vs-code-2.6.19\out\extension.js:542:31)
	at Object.deactivate (c:\Users\1\.vscode\extensions\pythagoratechnologies.pythagora-vs-code-2.6.19\out\extension.js:409:15)
	at HX.eb (file:///d:/360Downloads/Microsoft%20VS%20Code/resources/app/out/vs/workbench/api/node/extensionHostProcess.js:120:11850)
	at file:///d:/360Downloads/Microsoft%20VS%20Code/resources/app/out/vs/workbench/api/node/extensionHostProcess.js:120:10000
	at Array.map (<anonymous>)
	at HX.$ (file:///d:/360Downloads/Microsoft%20VS%20Code/resources/app/out/vs/workbench/api/node/extensionHostProcess.js:120:9988)
	at HX.terminate (file:///d:/360Downloads/Microsoft%20VS%20Code/resources/app/out/vs/workbench/api/node/extensionHostProcess.js:120:10231)
	at yN.terminate (file:///d:/360Downloads/Microsoft%20VS%20Code/resources/app/out/vs/workbench/api/node/extensionHostProcess.js:122:914)
	at Us (file:///d:/360Downloads/Microsoft%20VS%20Code/resources/app/out/vs/workbench/api/node/extensionHostProcess.js:404:11129)
	at MessagePortMain.<anonymous> (file:///d:/360Downloads/Microsoft%20VS%20Code/resources/app/out/vs/workbench/api/node/extensionHostProcess.js:404:7604)
	at MessagePortMain.emit (node:events:519:28)
	at MessagePortMain.emit (node:domain:489:12)
	at MessagePortMain._internalPort.emit (node:electron/js2c/utility_init:2:2949)
	at Object.topLevelDomainCallback (node:domain:161:15)
	at Object.callbackTrampoline (node:internal/async_hooks:128:24)
Extra context: {
  "message": "Canceled"
}
2025-12-23T09:21:05.500Z INFO Closing entire Pythagora extension...
2025-12-23T09:21:05.501Z ERROR Error closing extension
Error: Canceled
Stack: Canceled: Canceled
	at new wU (file:///d:/360Downloads/Microsoft%20VS%20Code/resources/app/out/vs/workbench/api/node/extensionHostProcess.js:29:120470)
	at l5.U (file:///d:/360Downloads/Microsoft%20VS%20Code/resources/app/out/vs/workbench/api/node/extensionHostProcess.js:29:125080)
	at s.<computed>.n.charCodeAt.s.<computed> (file:///d:/360Downloads/Microsoft%20VS%20Code/resources/app/out/vs/workbench/api/node/extensionHostProcess.js:29:122574)
	at cA.g (file:///d:/360Downloads/Microsoft%20VS%20Code/resources/app/out/vs/workbench/api/node/extensionHostProcess.js:116:41228)
	at cA.executeCommand (file:///d:/360Downloads/Microsoft%20VS%20Code/resources/app/out/vs/workbench/api/node/extensionHostProcess.js:116:40732)
	at Object.executeCommand (file:///d:/360Downloads/Microsoft%20VS%20Code/resources/app/out/vs/workbench/api/node/extensionHostProcess.js:212:102269)
	at closeEntirePythagoraExtension (c:\Users\1\.vscode\extensions\pythagoratechnologies.pythagora-vs-code-2.6.19\out\extension.js:542:31)
	at Object.deactivate (c:\Users\1\.vscode\extensions\pythagoratechnologies.pythagora-vs-code-2.6.19\out\extension.js:409:15)
	at HX.eb (file:///d:/360Downloads/Microsoft%20VS%20Code/resources/app/out/vs/workbench/api/node/extensionHostProcess.js:120:11850)
	at file:///d:/360Downloads/Microsoft%20VS%20Code/resources/app/out/vs/workbench/api/node/extensionHostProcess.js:120:10000
	at Array.map (<anonymous>)
	at HX.$ (file:///d:/360Downloads/Microsoft%20VS%20Code/resources/app/out/vs/workbench/api/node/extensionHostProcess.js:120:9988)
	at HX.terminate (file:///d:/360Downloads/Microsoft%20VS%20Code/resources/app/out/vs/workbench/api/node/extensionHostProcess.js:120:10231)
	at yN.terminate (file:///d:/360Downloads/Microsoft%20VS%20Code/resources/app/out/vs/workbench/api/node/extensionHostProcess.js:122:914)
	at Us (file:///d:/360Downloads/Microsoft%20VS%20Code/resources/app/out/vs/workbench/api/node/extensionHostProcess.js:404:11129)
	at MessagePortMain.<anonymous> (file:///d:/360Downloads/Microsoft%20VS%20Code/resources/app/out/vs/workbench/api/node/extensionHostProcess.js:404:7604)
	at MessagePortMain.emit (node:events:519:28)
	at MessagePortMain.emit (node:domain:489:12)
	at MessagePortMain._internalPort.emit (node:electron/js2c/utility_init:2:2949)
	at Object.topLevelDomainCallback (node:domain:161:15)
	at Object.callbackTrampoline (node:internal/async_hooks:128:24)
Extra context: {
  "message": "Canceled"
}
